exports[`test renders correctly 1`] = `
<View
  style={
    Object {
      "alignItems": "center",
      "backgroundColor": "#eaeaea",
      "flex": 1,
      "height": 1334,
      "justifyContent": "center",
      "width": "100%",
    }
  }>
  <View
    style={
      Object {
        "width": 300,
      }
    }>
    <Text
      accessible={true}
      allowFontScaling={true}
      disabled={false}
      ellipsizeMode="tail"
      style={
        Object {
          "color": "#48C948",
          "fontFamily": "Josefin Sans",
          "fontSize": 80,
          "textAlign": "center",
        }
      }>
      Queue
    </Text>
    <TextInput
      autoCapitalize="none"
      autoFocus={undefined}
      keyboardType="email-address"
      onChangeText={[Function]}
      placeholder="Email"
      style={
        Array [
          Object {
            "alignItems": "center",
            "backgroundColor": "white",
            "borderRadius": 2,
            "fontFamily": "Open Sans",
            "height": 40,
            "justifyContent": "center",
            "margin": 10,
            "paddingLeft": 15,
            "paddingRight": 15,
          },
          Object {
            "color": "#48C948",
          },
        ]
      }
      value="" />
    <View>
      <TextInput
        autoCapitalize="none"
        editable={undefined}
        onChangeText={[Function]}
        placeholder="Password"
        secureTextEntry={true}
        style={
          Object {
            "alignItems": "center",
            "backgroundColor": "white",
            "borderRadius": 2,
            "color": "#48C948",
            "fontFamily": "Open Sans",
            "height": 40,
            "justifyContent": "center",
            "margin": 10,
            "paddingLeft": 15,
            "paddingRight": 15,
            "zIndex": 1,
          }
        }
        value="" />
      <View
        accessibilityComponentType={undefined}
        accessibilityLabel={undefined}
        accessibilityTraits={undefined}
        accessible={true}
        hasTVPreferredFocus={undefined}
        hitSlop={undefined}
        isTVSelectable={true}
        nativeID={undefined}
        onLayout={undefined}
        onResponderGrant={[Function]}
        onResponderMove={[Function]}
        onResponderRelease={[Function]}
        onResponderTerminate={[Function]}
        onResponderTerminationRequest={[Function]}
        onStartShouldSetResponder={[Function]}
        style={
          Array [
            Object {
              "backgroundColor": "transparent",
            },
            Object {
              "backgroundColor": "transparent",
              "position": "absolute",
              "right": 20,
              "top": 15,
              "zIndex": 9999,
            },
          ]
        }
        testID={undefined}
        tvParallaxProperties={undefined}>
        <Text
          accessible={true}
          allowFontScaling={false}
          disabled={false}
          ellipsizeMode="tail"
          style={
            Array [
              Object {
                "color": "grey",
                "fontSize": 30,
              },
              undefined,
              Object {
                "fontFamily": "Ionicons",
                "fontStyle": "normal",
                "fontWeight": "normal",
              },
            ]
          }>
          
        </Text>
      </View>
    </View>
    <View
      accessibilityComponentType="button"
      accessibilityLabel={undefined}
      accessibilityTraits="button"
      accessible={true}
      collapsable={undefined}
      hitSlop={undefined}
      isTVSelectable={true}
      nativeID={undefined}
      onLayout={undefined}
      onResponderGrant={[Function]}
      onResponderMove={[Function]}
      onResponderRelease={[Function]}
      onResponderTerminate={[Function]}
      onResponderTerminationRequest={[Function]}
      onStartShouldSetResponder={[Function]}
      style={
        Object {
          "borderColor": "#48C948",
          "borderRadius": 4,
          "borderWidth": 1,
          "marginBottom": 5,
          "marginLeft": 5,
          "marginRight": 5,
          "marginTop": 5,
          "opacity": 1,
          "overflow": "hidden",
          "padding": 8,
        }
      }
      testID={undefined}
      tvParallaxProperties={undefined}>
      <Text
        accessible={true}
        allowFontScaling={true}
        disabled={false}
        ellipsizeMode="tail"
        style={
          Array [
            Object {
              "color": "#007aff",
              "fontSize": 17,
              "fontWeight": "500",
              "textAlign": "center",
            },
            null,
            Array [
              Object {
                "fontFamily": "Open Sans",
                "fontWeight": "500",
              },
              Object {
                "color": "#48C948",
                "fontSize": 20,
              },
            ],
            null,
          ]
        }>
        Sign Up
      </Text>
    </View>
    <View
      accessibilityComponentType={undefined}
      accessibilityLabel={undefined}
      accessibilityTraits={undefined}
      accessible={true}
      hasTVPreferredFocus={undefined}
      hitSlop={undefined}
      isTVSelectable={true}
      nativeID={undefined}
      onLayout={undefined}
      onResponderGrant={[Function]}
      onResponderMove={[Function]}
      onResponderRelease={[Function]}
      onResponderTerminate={[Function]}
      onResponderTerminationRequest={[Function]}
      onStartShouldSetResponder={[Function]}
      style={
        Array [
          Object {
            "backgroundColor": "transparent",
          },
          undefined,
        ]
      }
      testID={undefined}
      tvParallaxProperties={undefined}>
      <Text
        accessible={true}
        allowFontScaling={true}
        disabled={false}
        ellipsizeMode="tail"
        style={
          Array [
            Object {
              "color": "#48C948",
              "fontSize": 14,
              "letterSpacing": 1,
              "padding": 5,
              "paddingBottom": 15,
              "textAlign": "center",
            },
            Object {
              "color": "#48C948",
              "fontFamily": "Open Sans",
              "fontSize": 16,
            },
          ]
        }>
        Already have an account?
      </Text>
    </View>
    <View
      style={
        Array [
          Object {
            "bottom": 0,
            "left": 0,
            "right": 0,
          },
          Object {
            "height": 0,
          },
          undefined,
        ]
      } />
  </View>
</View>
`;
